/home/hennings/Projects/Mega-Go/megago_dev/lib/python3.8/site-packages/megago/resource_data/go-basic.obo: fmt(1.2) rel(2020-01-01) 47,337 GO Terms
HMS:0:00:07.795551 3,571,800 annotations READ: /home/hennings/Projects/Mega-Go/megago_dev/lib/python3.8/site-packages/megago/resource_data/associations-uniprot-sp-20200116.tab 
536442 IDs in loaded association branch, all
Computing 0
Computing 1
0.9891598232064738
Computing 2
0.3356305706030928
Computing 3
0.3387774386268949
Computing 4
0.16645336402284938
Computing 5
0.3104977296926924
Computing 6
0.3105292656002628
Computing 7
0.0
Computing 8
-1.0
Computing 9
-1.0
Computing 10
-1.0
Computing 11
0.4958756327741224
Computing 12
0.37835821624386656
Computing 13
Computing 14
0.11295263352259761
Computing 15
0.9640132009918312
Computing 16
0.36813079798232295
Computing 17
0.09699230064168216
Computing 18
0.0
Computing 19
-1.0
Computing 20
0.3038198818835536
Computing 21
-1.0
0.0
0.898250923654065
0.8100972175598145 s
